package foo

import (
	"github.com/hofstadter-io/hof/pkg/lang/foo"
	"github.com/hofstadter-io/hof/pkg/lang/bar"
	"time"
)

import (
	"time"

	// comment f2
	f2 "github.com/hofstadter-io/hof/pkg/lang/foo"
	f1 "github.com/hofstadter-io/hof/pkg/lang/foo"
)

import (
	"time"

	same "github.com/hofstadter-io/hof/pkg/lang/foo" // comment 2
	same "github.com/hofstadter-io/hof/pkg/lang/foo" // comment 1
)

a: time.time
b: foo.foo
c: bar.Bar
